{
  "event": "project.approved",
  "project": {
    "id": "777",
    "userId": "1",
    "sourceLanguageId": "en",
    "targetLanguageIds": [
      "uk",
      "pl"
    ],
    "identifier": "umbrella",
    "name": "Project Name",
    "createdAt": "2022-04-20T11:05:24+00:00",
    "updatedAt": "2022-04-21T11:07:29+00:00",
    "lastActivity": "2022-04-21T11:07:29+00:00",
    "description": "Project Description",
    "url": "https://crowdin.com/project/umbrella",
    "cname": null,
    "languageAccessPolicy": "moderate",
    "visibility": "private",
    "publicDownloads": true
  },
  "targetLanguage": {
    "id": "es",
    "name": "Spanish",
    "editorCode": "es",
    "twoLettersCode": "es",
    "threeLettersCode": "spa",
    "locale": "es-ES",
    "androidCode": "es-rES",
    "osxCode": "es.lproj",
    "osxLocale": "es",
    "textDirection": "ltr",
    "dialectOf": null
  }
}